CMakeCache.txt
CMakeFiles
CMakeLists.txt
Makefile
README.md
bin
cat
cmake_install.cmake
errors.txt
googletest
header
images
integration_tests
lib
names.txt
prototypes
rshell
sort
src
test
test.txt
test2.txt
test3.txt
tetxt
text
unit_tests
